test_exact_path_bootstrap_does_not_mutate_sys_path (__main__.OrchestrationBootstrapTests.test_exact_path_bootstrap_does_not_mutate_sys_path) ... ok
test_capability_approval_is_scope_aware_and_transitive_for_full (__main__.OrchestrationConfigurationTests.test_capability_approval_is_scope_aware_and_transitive_for_full) ... ok
test_capability_digests_validate_expansion_and_selection_by_scope (__main__.OrchestrationConfigurationTests.test_capability_digests_validate_expansion_and_selection_by_scope) ... ok
test_excluded_inventory_entries_are_retained_but_not_joined_to_payloads (__main__.OrchestrationConfigurationTests.test_excluded_inventory_entries_are_retained_but_not_joined_to_payloads) ... ok
test_exit_precedence_is_exhaustive_and_ignores_non_exit_optional_conditions (__main__.OrchestrationConfigurationTests.test_exit_precedence_is_exhaustive_and_ignores_non_exit_optional_conditions) ... ok
test_full_profile_resolves_transitive_fixtures_and_rejects_cycles (__main__.OrchestrationConfigurationTests.test_full_profile_resolves_transitive_fixtures_and_rejects_cycles) ... ok
test_inventory_variants_use_exact_keys_including_unconditional_skip (__main__.OrchestrationConfigurationTests.test_inventory_variants_use_exact_keys_including_unconditional_skip) ... ok
test_lifecycle_fixture_configuration_requires_exact_member_closure (__main__.OrchestrationConfigurationTests.test_lifecycle_fixture_configuration_requires_exact_member_closure) ... ok
test_load_configuration_builds_frozen_normalized_bundle_and_ns_budgets (__main__.OrchestrationConfigurationTests.test_load_configuration_builds_frozen_normalized_bundle_and_ns_budgets) ... ok
test_semantic_digests_ignore_toml_and_json_mapping_key_order (__main__.OrchestrationConfigurationTests.test_semantic_digests_ignore_toml_and_json_mapping_key_order) ... ok
test_semantic_digests_use_normalized_collection_order (__main__.OrchestrationConfigurationTests.test_semantic_digests_use_normalized_collection_order) ... ok
test_static_subprocess_capability_omits_inapplicable_dynamic_digest (__main__.OrchestrationConfigurationTests.test_static_subprocess_capability_omits_inapplicable_dynamic_digest) ... ok
test_strict_toml_and_json_reject_duplicate_unknown_missing_and_wrong_types (__main__.OrchestrationConfigurationTests.test_strict_toml_and_json_reject_duplicate_unknown_missing_and_wrong_types) ... ok
test_unknown_profile_payload_and_capability_references_fail_closed (__main__.OrchestrationConfigurationTests.test_unknown_profile_payload_and_capability_references_fail_closed) ... ok
test_budgets_are_positive_exact_integers_and_reserve_every_stage (__main__.OrchestrationErrorAndModelTests.test_budgets_are_positive_exact_integers_and_reserve_every_stage) ... ok
test_capability_bindings_use_ruled_total_order_and_call_contract_is_string (__main__.OrchestrationErrorAndModelTests.test_capability_bindings_use_ruled_total_order_and_call_contract_is_string) ... ok
test_capability_models_validate_kinds_slots_and_ordered_duplicate_argv (__main__.OrchestrationErrorAndModelTests.test_capability_models_validate_kinds_slots_and_ordered_duplicate_argv) ... ok
test_cloud_hydration_retries_once_and_a_second_transition_refuses (__main__.OrchestrationErrorAndModelTests.test_cloud_hydration_retries_once_and_a_second_transition_refuses) ... ok
test_cloud_leaf_read_accepts_exact_metadata_and_rejects_metadata_drift (__main__.OrchestrationErrorAndModelTests.test_cloud_leaf_read_accepts_exact_metadata_and_rejects_metadata_drift) ... ok
test_completed_direct_and_full_summaries_require_their_owned_rows (__main__.OrchestrationErrorAndModelTests.test_completed_direct_and_full_summaries_require_their_owned_rows) ... ok
test_configuration_allows_only_one_ctime_only_windows_retry (__main__.OrchestrationErrorAndModelTests.test_configuration_allows_only_one_ctime_only_windows_retry) ... ok
test_configuration_reader_preserves_body_and_close_failures (__main__.OrchestrationErrorAndModelTests.test_configuration_reader_preserves_body_and_close_failures) ... ok
test_configuration_reader_rejects_a_reparse_ancestor_before_resolution (__main__.OrchestrationErrorAndModelTests.test_configuration_reader_rejects_a_reparse_ancestor_before_resolution) ... ok
test_configuration_reader_rejects_mocked_leaf_reparse_before_read (__main__.OrchestrationErrorAndModelTests.test_configuration_reader_rejects_mocked_leaf_reparse_before_read) ... ok
test_configuration_reparse_policy_allows_only_non_surrogate_cloud_tags (__main__.OrchestrationErrorAndModelTests.test_configuration_reparse_policy_allows_only_non_surrogate_cloud_tags) ... ok
test_errors_have_stable_fields_and_recursively_immutable_sorted_context (__main__.OrchestrationErrorAndModelTests.test_errors_have_stable_fields_and_recursively_immutable_sorted_context) ... ok
test_exact_enums_and_every_declared_model_field_are_frozen_and_slotted (__main__.OrchestrationErrorAndModelTests.test_exact_enums_and_every_declared_model_field_are_frozen_and_slotted) ... ok
test_full_summary_uses_distinct_binding_union_and_exact_worker_aggregates (__main__.OrchestrationErrorAndModelTests.test_full_summary_uses_distinct_binding_union_and_exact_worker_aggregates) ... ok
test_guard_and_terminal_summary_invariants_reject_incoherent_states (__main__.OrchestrationErrorAndModelTests.test_guard_and_terminal_summary_invariants_reject_incoherent_states) ... ok
test_guard_plan_requires_exact_source_and_governed_path_cardinalities (__main__.OrchestrationErrorAndModelTests.test_guard_plan_requires_exact_source_and_governed_path_cardinalities) ... ok
test_historical_expected_vectors_have_exact_variant_fields_and_counts (__main__.OrchestrationErrorAndModelTests.test_historical_expected_vectors_have_exact_variant_fields_and_counts) ... ok
test_interpreter_bindings_sort_by_slot_name_not_nested_identity (__main__.OrchestrationErrorAndModelTests.test_interpreter_bindings_sort_by_slot_name_not_nested_identity) ... ok
test_interpreter_slots_accept_equal_major_and_minor_pairs (__main__.OrchestrationErrorAndModelTests.test_interpreter_slots_accept_equal_major_and_minor_pairs) ... ok
test_inventory_entries_preserve_assignment_xor_exclusion (__main__.OrchestrationErrorAndModelTests.test_inventory_entries_preserve_assignment_xor_exclusion) ... ok
test_inventory_expectation_variants_and_nested_values_fail_closed (__main__.OrchestrationErrorAndModelTests.test_inventory_expectation_variants_and_nested_values_fail_closed) ... ok
test_lifecycle_fixtures_require_canonical_ids_and_exact_payload_members (__main__.OrchestrationErrorAndModelTests.test_lifecycle_fixtures_require_canonical_ids_and_exact_payload_members) ... ok
test_nested_summaries_reject_fabricated_completion_and_exit_state (__main__.OrchestrationErrorAndModelTests.test_nested_summaries_reject_fabricated_completion_and_exit_state) ... ok
test_payload_and_worker_summaries_validate_ids_and_unstarted_work (__main__.OrchestrationErrorAndModelTests.test_payload_and_worker_summaries_validate_ids_and_unstarted_work) ... ok
test_posix_no_follow_open_is_nonblocking_before_file_type_validation (__main__.OrchestrationErrorAndModelTests.test_posix_no_follow_open_is_nonblocking_before_file_type_validation) ... ok
test_profile_aggregates_bind_exact_child_rows_counts_and_outcomes (__main__.OrchestrationErrorAndModelTests.test_profile_aggregates_bind_exact_child_rows_counts_and_outcomes) ... ok
test_profile_variants_require_direct_defaults_or_full_subprofiles (__main__.OrchestrationErrorAndModelTests.test_profile_variants_require_direct_defaults_or_full_subprofiles) ... ok
test_reader_rejects_initial_oversize_and_max_plus_one_growth (__main__.OrchestrationErrorAndModelTests.test_reader_rejects_initial_oversize_and_max_plus_one_growth) ... ok
test_reader_rejects_post_read_ancestor_identity_mutation (__main__.OrchestrationErrorAndModelTests.test_reader_rejects_post_read_ancestor_identity_mutation) ... ok
test_reader_rejects_same_size_leaf_replacement_after_open (__main__.OrchestrationErrorAndModelTests.test_reader_rejects_same_size_leaf_replacement_after_open) ... ok
test_repeated_values_sort_uniquely_and_mappings_freeze_recursively (__main__.OrchestrationErrorAndModelTests.test_repeated_values_sort_uniquely_and_mappings_freeze_recursively) ... ok
test_resolved_historical_plan_requires_exact_runtime_item_and_blob_closure (__main__.OrchestrationErrorAndModelTests.test_resolved_historical_plan_requires_exact_runtime_item_and_blob_closure) ... ok
test_resolved_worker_plan_requires_exact_internal_transitive_closure (__main__.OrchestrationErrorAndModelTests.test_resolved_worker_plan_requires_exact_internal_transitive_closure) ... ok
test_run_summary_retains_not_run_trigger_and_direct_gpu_semantics (__main__.OrchestrationErrorAndModelTests.test_run_summary_retains_not_run_trigger_and_direct_gpu_semantics) ... ok
test_stable_id_parser_accepts_only_normalized_test_methods (__main__.OrchestrationErrorAndModelTests.test_stable_id_parser_accepts_only_normalized_test_methods) ... ok
test_supplied_leaf_link_is_rejected_lexically_before_open (__main__.OrchestrationErrorAndModelTests.test_supplied_leaf_link_is_rejected_lexically_before_open) ... ok
test_windows_bind_failure_closes_raw_handle_once_and_preserves_failures (__main__.OrchestrationErrorAndModelTests.test_windows_bind_failure_closes_raw_handle_once_and_preserves_failures) ... ok
test_windows_handle_metadata_adapter_uses_class_nine_and_exact_values (__main__.OrchestrationErrorAndModelTests.test_windows_handle_metadata_adapter_uses_class_nine_and_exact_values) ... ok
test_windows_no_follow_open_uses_open_reparse_point_and_transfers_ownership (__main__.OrchestrationErrorAndModelTests.test_windows_no_follow_open_uses_open_reparse_point_and_transfers_ownership) ... ok

----------------------------------------------------------------------
Ran 53 tests in 0.300s

OK
