{"identity_before_payload_import": {"executable": "D:\\Pontius-tools\\py311\\Scripts\\python.exe", "implementation": "CPython", "version": "3.11.15 (main, Jul 23 2026, 14:42:43) [MSC v.1944 64 bit (AMD64)]", "version_info": [3, 11, 15, "final", 0], "cwd": "D:\\Pontius-review-snapshots\\v0a-i01-ab-r004-cold-a", "flags": {"dont_write_bytecode": 1, "safe_path": true}, "environment": {"PONTIUS_GIT": "C:\\Program Files\\Git\\cmd\\git.exe", "PYTHONDONTWRITEBYTECODE": "1", "PYTHONNOUSERSITE": "1", "PYTHONPATH": "D:\\Pontius-review-snapshots\\v0a-i01-ab-r004-cold-a\\src", "SYSTEMROOT": "C:\\Windows", "TEMP": "D:\\Pontius-review-snapshots\\v0a-i01-ab-r004-cold-a-temp", "TMP": "D:\\Pontius-review-snapshots\\v0a-i01-ab-r004-cold-a-temp", "WINDIR": "C:\\Windows"}, "command": ["D:\\Pontius-tools\\py311\\Scripts\\python.exe", "-B", "-P", "D:\\Pontius-handoffs\\v0a-i01-ab\\r004\\checks\\cold-a-runner-v2.py", "3.11.15", "311-v2"], "timestamp_utc": "2026-08-30T20:41:27.722902+00:00"}}
{"manifest_verified": "a810c89b7342fb1bcb4f1498fdcf53cd11a589b70424c7da48f6619a45da67cb", "rows": ["0a46d155256c4d5727bf53cbc7d8b8ec811d37d777b5c3d7996d8b31ecd822c0  tests/test_v0a_hand_replay.py\n", "3936d0216cdfc1b79500aac22908edd5e724b8da341801fcbafefa7c27a58e18  src/pontius/v0a/model.py\n", "52647a617eb03ce318ab5edee627dddf5562c64a2f5f2f7cb3af64f5a7aa856c  src/pontius/v0a/runtime.py\n"]}
{"payload_module_origins": {"pontius": "D:\\Pontius-review-snapshots\\v0a-i01-ab-r004-cold-a\\src\\pontius\\__init__.py", "pontius.action_clock": "D:\\Pontius-review-snapshots\\v0a-i01-ab-r004-cold-a\\src\\pontius\\action_clock.py", "pontius.cfr": "D:\\Pontius-review-snapshots\\v0a-i01-ab-r004-cold-a\\src\\pontius\\cfr.py", "pontius.coalition": "D:\\Pontius-review-snapshots\\v0a-i01-ab-r004-cold-a\\src\\pontius\\coalition.py", "pontius.cuda_dll_bootstrap": "D:\\Pontius-review-snapshots\\v0a-i01-ab-r004-cold-a\\src\\pontius\\cuda_dll_bootstrap.py", "pontius.dependency_tape": "D:\\Pontius-review-snapshots\\v0a-i01-ab-r004-cold-a\\src\\pontius\\dependency_tape.py", "pontius.evaluation": "D:\\Pontius-review-snapshots\\v0a-i01-ab-r004-cold-a\\src\\pontius\\evaluation.py", "pontius.factorized_belief": "D:\\Pontius-review-snapshots\\v0a-i01-ab-r004-cold-a\\src\\pontius\\factorized_belief.py", "pontius.full_width_belief": "D:\\Pontius-review-snapshots\\v0a-i01-ab-r004-cold-a\\src\\pontius\\full_width_belief.py", "pontius.full_width_reference_policy": "D:\\Pontius-review-snapshots\\v0a-i01-ab-r004-cold-a\\src\\pontius\\full_width_reference_policy.py", "pontius.game": "D:\\Pontius-review-snapshots\\v0a-i01-ab-r004-cold-a\\src\\pontius\\game.py", "pontius.holdem_cards": "D:\\Pontius-review-snapshots\\v0a-i01-ab-r004-cold-a\\src\\pontius\\holdem_cards.py", "pontius.immutable_blueprint": "D:\\Pontius-review-snapshots\\v0a-i01-ab-r004-cold-a\\src\\pontius\\immutable_blueprint.py", "pontius.kuhn": "D:\\Pontius-review-snapshots\\v0a-i01-ab-r004-cold-a\\src\\pontius\\kuhn.py", "pontius.legal_decision_spine": "D:\\Pontius-review-snapshots\\v0a-i01-ab-r004-cold-a\\src\\pontius\\legal_decision_spine.py", "pontius.legal_decision_spine_v2": "D:\\Pontius-review-snapshots\\v0a-i01-ab-r004-cold-a\\src\\pontius\\legal_decision_spine_v2.py", "pontius.no_limit_betting": "D:\\Pontius-review-snapshots\\v0a-i01-ab-r004-cold-a\\src\\pontius\\no_limit_betting.py", "pontius.preparation_bank": "D:\\Pontius-review-snapshots\\v0a-i01-ab-r004-cold-a\\src\\pontius\\preparation_bank.py", "pontius.reference_hand_replay": "D:\\Pontius-review-snapshots\\v0a-i01-ab-r004-cold-a\\src\\pontius\\reference_hand_replay.py", "pontius.river": "D:\\Pontius-review-snapshots\\v0a-i01-ab-r004-cold-a\\src\\pontius\\river.py", "pontius.river_incremental": "D:\\Pontius-review-snapshots\\v0a-i01-ab-r004-cold-a\\src\\pontius\\river_incremental.py", "pontius.river_multi_size": "D:\\Pontius-review-snapshots\\v0a-i01-ab-r004-cold-a\\src\\pontius\\river_multi_size.py", "pontius.river_multiway": "D:\\Pontius-review-snapshots\\v0a-i01-ab-r004-cold-a\\src\\pontius\\river_multiway.py", "pontius.street_deadline": "D:\\Pontius-review-snapshots\\v0a-i01-ab-r004-cold-a\\src\\pontius\\street_deadline.py", "pontius.updates": "D:\\Pontius-review-snapshots\\v0a-i01-ab-r004-cold-a\\src\\pontius\\updates.py", "pontius.v0a": "D:\\Pontius-review-snapshots\\v0a-i01-ab-r004-cold-a\\src\\pontius\\v0a\\__init__.py", "pontius.v0a.clock": "D:\\Pontius-review-snapshots\\v0a-i01-ab-r004-cold-a\\src\\pontius\\v0a\\clock.py", "pontius.v0a.model": "D:\\Pontius-review-snapshots\\v0a-i01-ab-r004-cold-a\\src\\pontius\\v0a\\model.py", "pontius.v0a.replay": "D:\\Pontius-review-snapshots\\v0a-i01-ab-r004-cold-a\\src\\pontius\\v0a\\replay.py", "pontius.v0a.runtime": "D:\\Pontius-review-snapshots\\v0a-i01-ab-r004-cold-a\\src\\pontius\\v0a\\runtime.py", "pontius.v0a.trace": "D:\\Pontius-review-snapshots\\v0a-i01-ab-r004-cold-a\\src\\pontius\\v0a\\trace.py"}}
existing focused v0a suites
test_a_late_started_wall_is_detectable (cold_a_test_v0a_hand_replay.ActionClockContractTests.test_a_late_started_wall_is_detectable)
Time spent in validation and transition work is inside the wall. ... ok
test_cutoff_and_deadline_together_report_deadline_with_both_flags (cold_a_test_v0a_hand_replay.ActionClockContractTests.test_cutoff_and_deadline_together_report_deadline_with_both_flags) ... ok
test_deadline_edges_follow_the_ledger (cold_a_test_v0a_hand_replay.ActionClockContractTests.test_deadline_edges_follow_the_ledger) ... ok
test_recorded_elapsed_matches_ledger_snapshot_exactly (cold_a_test_v0a_hand_replay.ActionClockContractTests.test_recorded_elapsed_matches_ledger_snapshot_exactly) ... ok
test_reserve_between_cutoff_and_deadline_is_lawful_emission_time (cold_a_test_v0a_hand_replay.ActionClockContractTests.test_reserve_between_cutoff_and_deadline_is_lawful_emission_time) ... ok
test_wall_starts_at_the_event_boundary (cold_a_test_v0a_hand_replay.ActionClockContractTests.test_wall_starts_at_the_event_boundary) ... ok
test_work_cutoff_edges_follow_the_ledger (cold_a_test_v0a_hand_replay.ActionClockContractTests.test_work_cutoff_edges_follow_the_ledger) ... ok
test_entry_for_another_state_is_a_miss_not_a_failure (cold_a_test_v0a_hand_replay.BlueprintOutcomeTests.test_entry_for_another_state_is_a_miss_not_a_failure) ... ok
test_illegal_matching_entry_fails_typed_with_no_emission (cold_a_test_v0a_hand_replay.BlueprintOutcomeTests.test_illegal_matching_entry_fails_typed_with_no_emission) ... ok
test_missing_match_selects_check_when_available (cold_a_test_v0a_hand_replay.BlueprintOutcomeTests.test_missing_match_selects_check_when_available) ... ok
test_missing_match_selects_passive_default_call (cold_a_test_v0a_hand_replay.BlueprintOutcomeTests.test_missing_match_selects_passive_default_call) ... ok
test_policy_selection_surface_is_exactly_four_inputs (cold_a_test_v0a_hand_replay.BlueprintOutcomeTests.test_policy_selection_surface_is_exactly_four_inputs) ... ok
test_table_hit_emits_the_entry_action (cold_a_test_v0a_hand_replay.BlueprintOutcomeTests.test_table_hit_emits_the_entry_action) ... ok
test_ambiguous_delivery_is_unknown_and_never_retried (cold_a_test_v0a_hand_replay.DeliveryFailureTests.test_ambiguous_delivery_is_unknown_and_never_retried) ... ok
test_clock_failure_after_acceptance_keeps_the_full_decision (cold_a_test_v0a_hand_replay.DeliveryFailureTests.test_clock_failure_after_acceptance_keeps_the_full_decision) ... ok
test_clock_failure_before_delivery_is_interrupted_without_emission (cold_a_test_v0a_hand_replay.DeliveryFailureTests.test_clock_failure_before_delivery_is_interrupted_without_emission) ... ok
test_rejected_delivery_is_typed_and_never_retried (cold_a_test_v0a_hand_replay.DeliveryFailureTests.test_rejected_delivery_is_typed_and_never_retried) ... ok
test_first_event_must_be_hand_started (cold_a_test_v0a_hand_replay.EventOrderContractTests.test_first_event_must_be_hand_started) ... ok
test_fold_terminal_accepts_no_showdown_and_settles_bare (cold_a_test_v0a_hand_replay.EventOrderContractTests.test_fold_terminal_accepts_no_showdown_and_settles_bare) ... ok
test_illegal_opponent_action_fails_closed (cold_a_test_v0a_hand_replay.EventOrderContractTests.test_illegal_opponent_action_fails_closed) ... ok
test_reveal_overlapping_known_cards_is_rejected (cold_a_test_v0a_hand_replay.EventOrderContractTests.test_reveal_overlapping_known_cards_is_rejected) ... ok
test_second_hand_started_is_rejected (cold_a_test_v0a_hand_replay.EventOrderContractTests.test_second_hand_started_is_rejected) ... ok
test_showdown_before_terminal_is_rejected (cold_a_test_v0a_hand_replay.EventOrderContractTests.test_showdown_before_terminal_is_rejected) ... ok
test_skipped_and_repeated_event_indices_are_rejected (cold_a_test_v0a_hand_replay.EventOrderContractTests.test_skipped_and_repeated_event_indices_are_rejected) ... ok
test_wrong_actor_and_controlled_actor_are_rejected (cold_a_test_v0a_hand_replay.EventOrderContractTests.test_wrong_actor_and_controlled_actor_are_rejected) ... ok
test_wrong_hand_id_is_rejected (cold_a_test_v0a_hand_replay.EventOrderContractTests.test_wrong_hand_id_is_rejected) ... ok
test_wrong_street_and_premature_reveal_are_rejected (cold_a_test_v0a_hand_replay.EventOrderContractTests.test_wrong_street_and_premature_reveal_are_rejected) ... ok
test_envelope_and_mailbox_accept_at_most_once (cold_a_test_v0a_hand_replay.EventValueContractTests.test_envelope_and_mailbox_accept_at_most_once) ... ok
test_events_cannot_carry_a_clock_timestamp (cold_a_test_v0a_hand_replay.EventValueContractTests.test_events_cannot_carry_a_clock_timestamp) ... ok
test_rejects_malformed_event_values (cold_a_test_v0a_hand_replay.EventValueContractTests.test_rejects_malformed_event_values) ... ok
test_complete_legal_context_rejects_equal_but_wrongly_typed_fields (cold_a_test_v0a_hand_replay.PolicyAdmissionRegressionTests.test_complete_legal_context_rejects_equal_but_wrongly_typed_fields) ... ok
test_every_nested_policy_value_is_exact_before_hashing_or_matching (cold_a_test_v0a_hand_replay.PolicyAdmissionRegressionTests.test_every_nested_policy_value_is_exact_before_hashing_or_matching) ... ok
test_nonempty_history_values_obey_the_same_admission_boundary (cold_a_test_v0a_hand_replay.PolicyAdmissionRegressionTests.test_nonempty_history_values_obey_the_same_admission_boundary) ... ok
test_outer_policy_identity_and_lookup_hooks_cannot_supply_authority (cold_a_test_v0a_hand_replay.PolicyAdmissionRegressionTests.test_outer_policy_identity_and_lookup_hooks_cannot_supply_authority) ... ok
test_malformed_depth_is_refused_by_field_shape (cold_a_test_v0a_hand_replay.PolicyRefusalShapeTests.test_malformed_depth_is_refused_by_field_shape) ... ok
test_decision_record_binds_states_policy_and_preparation (cold_a_test_v0a_hand_replay.RepeatedActionAndRecordTests.test_decision_record_binds_states_policy_and_preparation) ... ok
test_showdown_settlement_matches_the_kernel (cold_a_test_v0a_hand_replay.RepeatedActionAndRecordTests.test_showdown_settlement_matches_the_kernel) ... ok
test_two_controlled_actions_get_fresh_walls_and_indices (cold_a_test_v0a_hand_replay.RepeatedActionAndRecordTests.test_two_controlled_actions_get_fresh_walls_and_indices) ... ok
test_all_event_variants_revalidate_before_any_effect (cold_a_test_v0a_hand_replay.ValueAdmissionRegressionTests.test_all_event_variants_revalidate_before_any_effect) ... ok
test_invalid_envelopes_cannot_poison_later_valid_key (cold_a_test_v0a_hand_replay.ValueAdmissionRegressionTests.test_invalid_envelopes_cannot_poison_later_valid_key) ... ok
test_real_delivery_with_invalid_receipt_is_ambiguous_without_retry (cold_a_test_v0a_hand_replay.ValueAdmissionRegressionTests.test_real_delivery_with_invalid_receipt_is_ambiguous_without_retry) ... ok
test_rejected_metadata_never_reads_unadmitted_objects (cold_a_test_v0a_hand_replay.ValueAdmissionRegressionTests.test_rejected_metadata_never_reads_unadmitted_objects) ... ok
test_showdown_strengths_are_immutable_and_comparable_before_completion (cold_a_test_v0a_hand_replay.ValueAdmissionRegressionTests.test_showdown_strengths_are_immutable_and_comparable_before_completion) ... ok
test_witness_rejects_invalid_values_and_stays_failed (cold_a_test_v0a_hand_replay.WitnessContractTests.test_witness_rejects_invalid_values_and_stays_failed) ... ok
test_witness_retains_last_returned_sample (cold_a_test_v0a_hand_replay.WitnessContractTests.test_witness_retains_last_returned_sample) ... ok
test_opponent_path_charges_validation_and_transition (cold_a_test_v0a_contract_faults.F1IngressWallTests.test_opponent_path_charges_validation_and_transition) ... ok
test_reveal_path_charges_visible_card_construction (cold_a_test_v0a_contract_faults.F1IngressWallTests.test_reveal_path_charges_visible_card_construction) ... ok
test_wall_starts_at_the_event_not_after_validation (cold_a_test_v0a_contract_faults.F1IngressWallTests.test_wall_starts_at_the_event_not_after_validation) ... ok
test_a_second_showdown_vector_is_refused (cold_a_test_v0a_contract_faults.F2ShowdownCompletionTests.test_a_second_showdown_vector_is_refused) ... ok
test_no_event_is_accepted_after_completion (cold_a_test_v0a_contract_faults.F2ShowdownCompletionTests.test_no_event_is_accepted_after_completion) ... ok
test_the_real_source_still_answers_normally (cold_a_test_v0a_contract_faults.F3BlueprintAuthorityTests.test_the_real_source_still_answers_normally) ... ok
test_a_fault_after_the_boundary_keeps_the_established_start (cold_a_test_v0a_contract_faults.F4ClockContainmentTests.test_a_fault_after_the_boundary_keeps_the_established_start) ... ok
test_a_fault_at_ledger_construction_is_typed (cold_a_test_v0a_contract_faults.F4ClockContainmentTests.test_a_fault_at_ledger_construction_is_typed) ... ok
test_an_os_error_from_the_clock_is_normalized (cold_a_test_v0a_contract_faults.F4ClockContainmentTests.test_an_os_error_from_the_clock_is_normalized) ... ok
test_no_clock_error_escapes_dispatch (cold_a_test_v0a_contract_faults.F4ClockContainmentTests.test_no_clock_error_escapes_dispatch) ... ok
test_a_clock_fault_after_real_acceptance_is_unknown_not_unattempted (cold_a_test_v0a_contract_faults.F5F6DeliveryTests.test_a_clock_fault_after_real_acceptance_is_unknown_not_unattempted) ... ok
test_a_matching_acknowledgement_succeeds (cold_a_test_v0a_contract_faults.F5F6DeliveryTests.test_a_matching_acknowledgement_succeeds) ... ok
test_a_mismatched_acknowledgement_fails_closed (cold_a_test_v0a_contract_faults.F5F6DeliveryTests.test_a_mismatched_acknowledgement_fails_closed) ... ok
test_a_missing_acknowledgement_fails_closed (cold_a_test_v0a_contract_faults.F5F6DeliveryTests.test_a_missing_acknowledgement_fails_closed) ... ok
test_a_known_cutoff_is_retained_through_interruption (cold_a_test_v0a_contract_faults.F7RetainedViolationTests.test_a_known_cutoff_is_retained_through_interruption) ... ok
test_a_delegate_with_the_real_digest_is_refused (cold_a_test_v0a_contract_faults.R2_01PolicyAuthorityTests.test_a_delegate_with_the_real_digest_is_refused)
The r002 false-hit delegate: real digest, real key, fabricated hit. ... ok
test_a_subclass_cannot_intercept_the_sealed_lookup (cold_a_test_v0a_contract_faults.R2_01PolicyAuthorityTests.test_a_subclass_cannot_intercept_the_sealed_lookup)
Subclass behavior is rejected before the sealed lookup or delivery. ... ok
test_an_inconsistent_context_is_classified_not_guessed (cold_a_test_v0a_contract_faults.R2_01PolicyAuthorityTests.test_an_inconsistent_context_is_classified_not_guessed)
A genuinely mismatched context, not an injected exception. ... ok
test_the_real_sealed_source_still_hits_and_misses (cold_a_test_v0a_contract_faults.R2_01PolicyAuthorityTests.test_the_real_sealed_source_still_hits_and_misses) ... ok
test_the_runtime_refuses_a_non_sealed_policy_object (cold_a_test_v0a_contract_faults.R2_01PolicyAuthorityTests.test_the_runtime_refuses_a_non_sealed_policy_object) ... ok
test_a_deadline_established_at_the_boundary_is_retained (cold_a_test_v0a_contract_faults.R2_02EstablishedFlagTests.test_a_deadline_established_at_the_boundary_is_retained) ... ok
test_a_late_but_accepted_action_is_still_a_delivery (cold_a_test_v0a_contract_faults.R2_08DeliveryCountingTests.test_a_late_but_accepted_action_is_still_a_delivery) ... ok
test_caught_source_fault_survives_a_return_or_a_different_body_failure (cold_a_test_v0a_replay.FailureAdapterRegressionTests.test_caught_source_fault_survives_a_return_or_a_different_body_failure) ... ok
test_error_handling_does_not_execute_caller_presentation_or_metadata (cold_a_test_v0a_replay.FailureAdapterRegressionTests.test_error_handling_does_not_execute_caller_presentation_or_metadata) ... ok
test_one_source_fault_is_not_counted_again_when_the_body_reads_the_dead_witness (cold_a_test_v0a_replay.FailureAdapterRegressionTests.test_one_source_fault_is_not_counted_again_when_the_body_reads_the_dead_witness) ... ok
test_raw_source_exception_metadata_never_reaches_host_adapters (cold_a_test_v0a_replay.FailureAdapterRegressionTests.test_raw_source_exception_metadata_never_reaches_host_adapters) ... ok
test_a_disagreeing_oracle_rejects_the_hand (cold_a_test_v0a_replay.FixtureReplayTests.test_a_disagreeing_oracle_rejects_the_hand)
The comparison is real: a wrong judge must fail the hand closed. ... ok
test_every_controlled_action_is_delivered_once (cold_a_test_v0a_replay.FixtureReplayTests.test_every_controlled_action_is_delivered_once) ... ok
test_fixture_a_reproduces_its_expected_settlement (cold_a_test_v0a_replay.FixtureReplayTests.test_fixture_a_reproduces_its_expected_settlement) ... ok
test_fixture_b_reproduces_its_side_pot_expectations (cold_a_test_v0a_replay.FixtureReplayTests.test_fixture_b_reproduces_its_side_pot_expectations) ... ok
test_folded_contributors_leave_dead_money_but_win_nothing (cold_a_test_v0a_replay.FixtureReplayTests.test_folded_contributors_leave_dead_money_but_win_nothing)
A seat that folds after committing chips is a contributor, not a claimant. ... ok
test_odd_chips_follow_clockwise_order_from_the_button (cold_a_test_v0a_replay.FixtureReplayTests.test_odd_chips_follow_clockwise_order_from_the_button) ... ok
test_the_comparison_covers_final_stacks_and_pot_eligibility (cold_a_test_v0a_replay.FixtureReplayTests.test_the_comparison_covers_final_stacks_and_pot_eligibility)
Oracles that differ only in a previously ignored field must reject. ... ok
test_the_independent_oracle_agrees_with_production_settlement (cold_a_test_v0a_replay.FixtureReplayTests.test_the_independent_oracle_agrees_with_production_settlement) ... ok
test_the_oracle_disagrees_when_the_expectation_is_wrong (cold_a_test_v0a_replay.FixtureReplayTests.test_the_oracle_disagrees_when_the_expectation_is_wrong)
The oracle is a real judge, not a restatement of production. ... ok
test_production_identities_are_refused (cold_a_test_v0a_replay.IdentityTests.test_production_identities_are_refused) ... ok
test_rehearsal_and_correctness_identities_are_disjoint (cold_a_test_v0a_replay.IdentityTests.test_rehearsal_and_correctness_identities_are_disjoint) ... ok
test_the_configuration_digest_binds_the_schedule_not_the_deal (cold_a_test_v0a_replay.IdentityTests.test_the_configuration_digest_binds_the_schedule_not_the_deal) ... ok
test_a_clock_fault_raised_by_the_body_is_not_lost (cold_a_test_v0a_replay.R2_03BodyOwnershipTests.test_a_clock_fault_raised_by_the_body_is_not_lost)
R5-02: a body-origin clock fault is owned, not assumed recorded. ... ok
test_a_raised_body_error_precedes_its_cleanup_fault (cold_a_test_v0a_replay.R2_03BodyOwnershipTests.test_a_raised_body_error_precedes_its_cleanup_fault)
R5-01: body cause first, exit-seam cleanup cause second. ... ok
test_a_returned_mismatch_still_precedes_a_later_cleanup_fault (cold_a_test_v0a_replay.R2_03BodyOwnershipTests.test_a_returned_mismatch_still_precedes_a_later_cleanup_fault)
The returned-error half of the matrix, against the raised half. ... ok
test_no_host_operation_uses_an_unowned_interval (cold_a_test_v0a_replay.R2_03BodyOwnershipTests.test_no_host_operation_uses_an_unowned_interval)
Structural: the ordering rule cannot be bypassed by forgetting it. ... ok
test_a_host_side_exception_is_contained_not_escaped (cold_a_test_v0a_replay.R2_03CompoundScheduleTests.test_a_host_side_exception_is_contained_not_escaped)
G1: any host-side exception yields a receipt instead of propagating. ... ok
test_a_pre_boundary_rejection_journals_its_cause (cold_a_test_v0a_replay.R2_03CompoundScheduleTests.test_a_pre_boundary_rejection_journals_its_cause)
A reject that never opened a boundary still names why it failed. ... ok
test_a_rejected_input_keeps_its_cause_ahead_of_cleanup (cold_a_test_v0a_replay.R2_03CompoundScheduleTests.test_a_rejected_input_keeps_its_cause_ahead_of_cleanup)
A1-A3: wherever both causes occur, event_order precedes the cleanup. ... ok
test_the_input_failure_is_never_ordered_after_its_own_cleanup (cold_a_test_v0a_replay.R2_03CompoundScheduleTests.test_the_input_failure_is_never_ordered_after_its_own_cleanup)
The R4-02 inversion: cleanup must not become primary. ... ok
test_the_journal_never_deduplicates_repeated_codes (cold_a_test_v0a_replay.R2_03CompoundScheduleTests.test_the_journal_never_deduplicates_repeated_codes) ... ok
test_reported_clock_causes_equal_the_genuine_raises (cold_a_test_v0a_replay.R2_03ConservationTests.test_reported_clock_causes_equal_the_genuine_raises)
Every genuine ledger fault reaches the receipt; none is invented. ... ok
test_a_failure_at_the_first_observation_does_not_escape (cold_a_test_v0a_replay.R2_03HostClosureTests.test_a_failure_at_the_first_observation_does_not_escape) ... ok
test_a_failure_partway_through_the_hand_does_not_escape (cold_a_test_v0a_replay.R2_03HostClosureTests.test_a_failure_partway_through_the_hand_does_not_escape) ... ok
test_incomplete_accounting_cannot_report_success (cold_a_test_v0a_replay.R2_03HostClosureTests.test_incomplete_accounting_cannot_report_success) ... ok
test_a_late_delivery_is_counted_end_to_end (cold_a_test_v0a_replay.R2_08HostCountingTests.test_a_late_delivery_is_counted_end_to_end) ... ok
test_a_clock_fault_before_a_mismatch_keeps_the_clock_as_primary (cold_a_test_v0a_replay.R3_02TypedClosureCauseTests.test_a_clock_fault_before_a_mismatch_keeps_the_clock_as_primary) ... ok
test_a_dead_clock_is_never_sampled_again (cold_a_test_v0a_replay.R3_02TypedClosureCauseTests.test_a_dead_clock_is_never_sampled_again) ... ok
test_a_mismatch_before_a_clock_fault_keeps_the_mismatch_as_primary (cold_a_test_v0a_replay.R3_02TypedClosureCauseTests.test_a_mismatch_before_a_clock_fault_keeps_the_mismatch_as_primary) ... ok
test_accepted_actions_survive_a_closure_fault (cold_a_test_v0a_replay.R3_02TypedClosureCauseTests.test_accepted_actions_survive_a_closure_fault) ... ok
test_each_closure_seam_reports_invalid_and_reversed (cold_a_test_v0a_replay.R3_02TypedClosureCauseTests.test_each_closure_seam_reports_invalid_and_reversed) ... ok
test_every_observation_that_dies_reports_a_typed_cause (cold_a_test_v0a_replay.R3_02TypedClosureCauseTests.test_every_observation_that_dies_reports_a_typed_cause)
The sweep, not the five known positions: any fault must be named. ... ok
test_a_permutation_must_rearrange_the_four_suits (cold_a_test_v0a_replay.SeedPermutationTests.test_a_permutation_must_rearrange_the_four_suits) ... ok
test_permutations_are_deterministic_and_disclosed (cold_a_test_v0a_replay.SeedPermutationTests.test_permutations_are_deterministic_and_disclosed) ... ok
test_renaming_preserves_ranks_and_distinctness (cold_a_test_v0a_replay.SeedPermutationTests.test_renaming_preserves_ranks_and_distinctness) ... ok
test_a_write_failure_after_delivery_is_the_first_cause (cold_a_test_v0a_replay.TraceAndAccountingTests.test_a_write_failure_after_delivery_is_the_first_cause) ... ok
test_accounting_totals_are_disjoint_and_publication_is_separate (cold_a_test_v0a_replay.TraceAndAccountingTests.test_accounting_totals_are_disjoint_and_publication_is_separate) ... ok
test_distinct_run_ids_produce_identical_semantic_bytes (cold_a_test_v0a_replay.TraceAndAccountingTests.test_distinct_run_ids_produce_identical_semantic_bytes) ... ok
test_the_published_trace_parses_and_rebinds (cold_a_test_v0a_replay.TraceAndAccountingTests.test_the_published_trace_parses_and_rebinds) ... ok
test_the_receipt_lives_outside_the_trace_it_describes (cold_a_test_v0a_replay.TraceAndAccountingTests.test_the_receipt_lives_outside_the_trace_it_describes) ... ok
test_trace_files_are_created_new_under_the_run_root (cold_a_test_v0a_replay.TraceAndAccountingTests.test_trace_files_are_created_new_under_the_run_root) ... ok
test_authorized_mode_is_refused (cold_a_test_v0a_trace.CanonicalFormTests.test_authorized_mode_is_refused) ... ok
test_canonical_json_refuses_non_finite_numbers (cold_a_test_v0a_trace.CanonicalFormTests.test_canonical_json_refuses_non_finite_numbers) ... ok
test_record_indices_are_contiguous_from_the_header (cold_a_test_v0a_trace.CanonicalFormTests.test_record_indices_are_contiguous_from_the_header) ... ok
test_rows_are_lf_terminated_sorted_and_compact (cold_a_test_v0a_trace.CanonicalFormTests.test_rows_are_lf_terminated_sorted_and_compact) ... ok
test_all_event_kinds_round_trip (cold_a_test_v0a_trace.RoundTripTests.test_all_event_kinds_round_trip) ... ok
test_complete_trace_parses_and_rebinds_its_digests (cold_a_test_v0a_trace.RoundTripTests.test_complete_trace_parses_and_rebinds_its_digests) ... ok
test_decoded_arrays_are_immutable_tuples (cold_a_test_v0a_trace.RoundTripTests.test_decoded_arrays_are_immutable_tuples) ... ok
test_distinct_run_ids_share_identical_semantic_bytes (cold_a_test_v0a_trace.RoundTripTests.test_distinct_run_ids_share_identical_semantic_bytes) ... ok
test_semantic_digest_changes_with_a_different_action (cold_a_test_v0a_trace.RoundTripTests.test_semantic_digest_changes_with_a_different_action) ... ok
test_timing_never_enters_the_semantic_projection (cold_a_test_v0a_trace.RoundTripTests.test_timing_never_enters_the_semantic_projection) ... ok
test_rejects_a_counted_terminal_that_disagrees (cold_a_test_v0a_trace.StrictRejectionTests.test_rejects_a_counted_terminal_that_disagrees) ... ok
test_rejects_a_delivered_action_without_acceptance (cold_a_test_v0a_trace.StrictRejectionTests.test_rejects_a_delivered_action_without_acceptance) ... ok
test_rejects_a_duplicate_json_key (cold_a_test_v0a_trace.StrictRejectionTests.test_rejects_a_duplicate_json_key) ... ok
test_rejects_a_tampered_prefix_or_semantic_digest (cold_a_test_v0a_trace.StrictRejectionTests.test_rejects_a_tampered_prefix_or_semantic_digest) ... ok
test_rejects_bad_digests_and_enums (cold_a_test_v0a_trace.StrictRejectionTests.test_rejects_bad_digests_and_enums) ... ok
test_rejects_discontinuous_or_foreign_rows (cold_a_test_v0a_trace.StrictRejectionTests.test_rejects_discontinuous_or_foreign_rows) ... ok
test_rejects_interrupted_timing_that_claims_a_false_flag (cold_a_test_v0a_trace.StrictRejectionTests.test_rejects_interrupted_timing_that_claims_a_false_flag) ... ok
test_rejects_success_without_complete_accounting (cold_a_test_v0a_trace.StrictRejectionTests.test_rejects_success_without_complete_accounting) ... ok
test_rejects_truncated_missing_and_duplicated_terminals (cold_a_test_v0a_trace.StrictRejectionTests.test_rejects_truncated_missing_and_duplicated_terminals) ... ok
test_rejects_unknown_and_missing_keys (cold_a_test_v0a_trace.StrictRejectionTests.test_rejects_unknown_and_missing_keys) ... ok
test_rejects_wrong_exact_types (cold_a_test_v0a_trace.StrictRejectionTests.test_rejects_wrong_exact_types) ... ok
test_the_mutation_helper_produces_an_otherwise_valid_trace (cold_a_test_v0a_trace.StrictRejectionTests.test_the_mutation_helper_produces_an_otherwise_valid_trace)
The helper itself must not smuggle in a second violation. ... ok
test_create_new_write_then_refuse_overwrite (cold_a_test_v0a_trace.TraceWriteTests.test_create_new_write_then_refuse_overwrite) ... ok
test_refuses_an_absent_destination_directory (cold_a_test_v0a_trace.TraceWriteTests.test_refuses_an_absent_destination_directory) ... ok
test_refuses_paths_outside_the_run_root (cold_a_test_v0a_trace.TraceWriteTests.test_refuses_paths_outside_the_run_root) ... ok

----------------------------------------------------------------------
Ran 137 tests in 1.454s

OK

independent real-boundary probes
test_event_opponent_bool_index (cold_a_independent_probes.ColdABoundaryTests.test_event_opponent_bool_index) ... ok
test_event_opponent_float_index (cold_a_independent_probes.ColdABoundaryTests.test_event_opponent_float_index) ... ok
test_event_opponent_mutable_id (cold_a_independent_probes.ColdABoundaryTests.test_event_opponent_mutable_id) ... ok
test_event_opponent_schema (cold_a_independent_probes.ColdABoundaryTests.test_event_opponent_schema) ... ok
test_event_opponent_subclass (cold_a_independent_probes.ColdABoundaryTests.test_event_opponent_subclass) ... ok
test_event_reveal_bool_index (cold_a_independent_probes.ColdABoundaryTests.test_event_reveal_bool_index) ... ok
test_event_reveal_float_index (cold_a_independent_probes.ColdABoundaryTests.test_event_reveal_float_index) ... ok
test_event_reveal_mutable_id (cold_a_independent_probes.ColdABoundaryTests.test_event_reveal_mutable_id) ... ok
test_event_reveal_schema (cold_a_independent_probes.ColdABoundaryTests.test_event_reveal_schema) ... ok
test_event_reveal_subclass (cold_a_independent_probes.ColdABoundaryTests.test_event_reveal_subclass) ... ok
test_event_showdown_bool_index (cold_a_independent_probes.ColdABoundaryTests.test_event_showdown_bool_index) ... ok
test_event_showdown_float_index (cold_a_independent_probes.ColdABoundaryTests.test_event_showdown_float_index) ... ok
test_event_showdown_mutable_id (cold_a_independent_probes.ColdABoundaryTests.test_event_showdown_mutable_id) ... ok
test_event_showdown_schema (cold_a_independent_probes.ColdABoundaryTests.test_event_showdown_schema) ... ok
test_event_showdown_subclass (cold_a_independent_probes.ColdABoundaryTests.test_event_showdown_subclass) ... ok
test_event_start_bool_index (cold_a_independent_probes.ColdABoundaryTests.test_event_start_bool_index) ... ok
test_event_start_float_index (cold_a_independent_probes.ColdABoundaryTests.test_event_start_float_index) ... ok
test_event_start_mutable_id (cold_a_independent_probes.ColdABoundaryTests.test_event_start_mutable_id) ... ok
test_event_start_schema (cold_a_independent_probes.ColdABoundaryTests.test_event_start_schema) ... ok
test_event_start_subclass (cold_a_independent_probes.ColdABoundaryTests.test_event_start_subclass) ... ok
test_forwarded_ack_bool_alias (cold_a_independent_probes.ColdABoundaryTests.test_forwarded_ack_bool_alias) ... ok
test_forwarded_ack_float_alias (cold_a_independent_probes.ColdABoundaryTests.test_forwarded_ack_float_alias) ... ok
test_forwarded_ack_hostile (cold_a_independent_probes.ColdABoundaryTests.test_forwarded_ack_hostile) ... ok
test_forwarded_ack_mutable_id (cold_a_independent_probes.ColdABoundaryTests.test_forwarded_ack_mutable_id) ... ok
test_forwarded_ack_none (cold_a_independent_probes.ColdABoundaryTests.test_forwarded_ack_none) ... ok
test_forwarded_ack_subclass (cold_a_independent_probes.ColdABoundaryTests.test_forwarded_ack_subclass) ... ok
test_forwarded_ack_wrong_exact_hand (cold_a_independent_probes.ColdABoundaryTests.test_forwarded_ack_wrong_exact_hand) ... ok
test_forwarded_ack_wrong_exact_index (cold_a_independent_probes.ColdABoundaryTests.test_forwarded_ack_wrong_exact_index) ... ok
test_forwarded_valid_ack_clock_failure_False (cold_a_independent_probes.ColdABoundaryTests.test_forwarded_valid_ack_clock_failure_False) ... ok
test_forwarded_valid_ack_clock_failure_True (cold_a_independent_probes.ColdABoundaryTests.test_forwarded_valid_ack_clock_failure_True) ... ok
test_invalid_event_then_cleanup_clock_order (cold_a_independent_probes.ColdABoundaryTests.test_invalid_event_then_cleanup_clock_order) ... FAIL
test_mailbox_bool_index (cold_a_independent_probes.ColdABoundaryTests.test_mailbox_bool_index) ... ok
test_mailbox_bool_seat (cold_a_independent_probes.ColdABoundaryTests.test_mailbox_bool_seat) ... ok
test_mailbox_empty_id (cold_a_independent_probes.ColdABoundaryTests.test_mailbox_empty_id) ... ok
test_mailbox_exact_outer_nested_invalid_then_valid (cold_a_independent_probes.ColdABoundaryTests.test_mailbox_exact_outer_nested_invalid_then_valid) ... ok
test_mailbox_float_index (cold_a_independent_probes.ColdABoundaryTests.test_mailbox_float_index) ... ok
test_mailbox_large_seat (cold_a_independent_probes.ColdABoundaryTests.test_mailbox_large_seat) ... ok
test_mailbox_mutable_id (cold_a_independent_probes.ColdABoundaryTests.test_mailbox_mutable_id) ... ok
test_mailbox_non_ascii (cold_a_independent_probes.ColdABoundaryTests.test_mailbox_non_ascii) ... ok
test_mailbox_street (cold_a_independent_probes.ColdABoundaryTests.test_mailbox_street) ... ok
test_mailbox_subclass (cold_a_independent_probes.ColdABoundaryTests.test_mailbox_subclass) ... ok
test_mailbox_zero_index (cold_a_independent_probes.ColdABoundaryTests.test_mailbox_zero_index) ... ok
test_nested_action_bool_raise (cold_a_independent_probes.ColdABoundaryTests.test_nested_action_bool_raise) ... ok
test_nested_action_extra_payload (cold_a_independent_probes.ColdABoundaryTests.test_nested_action_extra_payload) ... ok
test_nested_action_float_raise (cold_a_independent_probes.ColdABoundaryTests.test_nested_action_float_raise) ... ok
test_nested_action_kind (cold_a_independent_probes.ColdABoundaryTests.test_nested_action_kind) ... ok
test_nested_action_negative_raise (cold_a_independent_probes.ColdABoundaryTests.test_nested_action_negative_raise) ... ok
test_nested_action_valid_subclass (cold_a_independent_probes.ColdABoundaryTests.test_nested_action_valid_subclass) ... ok
test_safe_metadata_clock_first (cold_a_independent_probes.ColdABoundaryTests.test_safe_metadata_clock_first) ... ok
test_safe_metadata_complete (cold_a_independent_probes.ColdABoundaryTests.test_safe_metadata_complete) ... ok
test_safe_metadata_dead (cold_a_independent_probes.ColdABoundaryTests.test_safe_metadata_dead) ... ok
test_safe_metadata_fresh (cold_a_independent_probes.ColdABoundaryTests.test_safe_metadata_fresh) ... ok
test_showdown_context_all_missing (cold_a_independent_probes.ColdABoundaryTests.test_showdown_context_all_missing) ... ok
test_showdown_context_extra_folded (cold_a_independent_probes.ColdABoundaryTests.test_showdown_context_extra_folded) ... ok
test_showdown_context_missing_live (cold_a_independent_probes.ColdABoundaryTests.test_showdown_context_missing_live) ... ok
test_showdown_context_mixed_domain (cold_a_independent_probes.ColdABoundaryTests.test_showdown_context_mixed_domain) ... ok
test_showdown_empty_list (cold_a_independent_probes.ColdABoundaryTests.test_showdown_empty_list) ... ok
test_showdown_empty_tuple (cold_a_independent_probes.ColdABoundaryTests.test_showdown_empty_tuple) ... ok
test_showdown_mutable_list (cold_a_independent_probes.ColdABoundaryTests.test_showdown_mutable_list) ... ok
test_showdown_nested_empty (cold_a_independent_probes.ColdABoundaryTests.test_showdown_nested_empty) ... ok
test_showdown_tuple_bool (cold_a_independent_probes.ColdABoundaryTests.test_showdown_tuple_bool) ... ok
test_valid_settlement_folded_False_allin_False_int (cold_a_independent_probes.ColdABoundaryTests.test_valid_settlement_folded_False_allin_False_int) ... ok
test_valid_settlement_folded_False_allin_False_tuple (cold_a_independent_probes.ColdABoundaryTests.test_valid_settlement_folded_False_allin_False_tuple) ... ok
test_valid_settlement_folded_False_allin_True_int (cold_a_independent_probes.ColdABoundaryTests.test_valid_settlement_folded_False_allin_True_int) ... ok
test_valid_settlement_folded_False_allin_True_tuple (cold_a_independent_probes.ColdABoundaryTests.test_valid_settlement_folded_False_allin_True_tuple) ... ok
test_valid_settlement_folded_True_allin_False_int (cold_a_independent_probes.ColdABoundaryTests.test_valid_settlement_folded_True_allin_False_int) ... ok
test_valid_settlement_folded_True_allin_False_tuple (cold_a_independent_probes.ColdABoundaryTests.test_valid_settlement_folded_True_allin_False_tuple) ... ok

======================================================================
FAIL: test_invalid_event_then_cleanup_clock_order (cold_a_independent_probes.ColdABoundaryTests.test_invalid_event_then_cleanup_clock_order)
----------------------------------------------------------------------
Traceback (most recent call last):
  File "D:\Pontius-handoffs\v0a-i01-ab\r004\checks\cold-a-probes.py", line 213, in cause_order
    self.assertIs(out.failure.code, FailureCode.INVALID_EVENT)
AssertionError: <FailureCode.CLOCK_INVALID: 'clock_invalid'> is not <FailureCode.INVALID_EVENT: 'invalid_event'>

----------------------------------------------------------------------
Ran 67 tests in 0.052s

FAILED (failures=1)

{"receipt": "D:\\Pontius-handoffs\\v0a-i01-ab\\r004\\checks\\cold-a-311-v2-receipt.json", "exit": 1, "counts": [137, 67]}
