{
  "version": "3.14.6",
  "executable": "D:\\Pontius\\.venv\\Scripts\\python.exe",
  "snapshot": "D:\\Pontius-review-snapshots\\v0a-i01-ab-r005-cold-b-6a4792407cb04db0bb71d7435cc981c2",
  "modules": {
    "pontius.v0a.trace": "D:\\Pontius-review-snapshots\\v0a-i01-ab-r005-cold-b-6a4792407cb04db0bb71d7435cc981c2\\src\\pontius\\v0a\\trace.py",
    "pontius.v0a.replay": "D:\\Pontius-review-snapshots\\v0a-i01-ab-r005-cold-b-6a4792407cb04db0bb71d7435cc981c2\\src\\pontius\\v0a\\replay.py",
    "pontius.v0a.model": "D:\\Pontius-review-snapshots\\v0a-i01-ab-r005-cold-b-6a4792407cb04db0bb71d7435cc981c2\\src\\pontius\\v0a\\model.py",
    "pontius.v0a.runtime": "D:\\Pontius-review-snapshots\\v0a-i01-ab-r005-cold-b-6a4792407cb04db0bb71d7435cc981c2\\src\\pontius\\v0a\\runtime.py"
  },
  "observations": [
    {
      "name": "baseline_A",
      "parse": {
        "accepted": true
      },
      "verify": {
        "accepted": true
      }
    },
    {
      "name": "descending_private_pair",
      "parse": {
        "accepted": true
      },
      "verify": {
        "accepted": false,
        "type": "TraceInvalidError",
        "message": "initial event differs from the bound fixture"
      },
      "private_cards": [
        45,
        32
      ],
      "model_rejection": "private cards must be two distinct ascending cards"
    },
    {
      "name": "honest_accepted_interruption",
      "parse": {
        "accepted": true
      },
      "verify": {
        "accepted": false,
        "type": "TraceInvalidError",
        "message": "a failed or incomplete prefix cannot earn successful replay"
      },
      "terminal": {
        "accounting_complete": false,
        "complete": false,
        "decision_count": 1,
        "event_count": 0,
        "failure_reason": "clock_invalid",
        "hand_id": "control-A",
        "interrupted_response_count": 1,
        "passed": false,
        "post_terminal_compute_seconds": null,
        "preparation_compute_seconds": null,
        "record_index": 3,
        "record_type": "terminal",
        "run_id": "pontius-v0a-hand-replay-v1-correctness-cold-b",
        "schema_version": "pontius-v0a-trace-v1",
        "semantic_sha256": "ccd769fc8d5d4c4eebaa590265db24c21ad8b036bcd9b9db4e32d5b42ae9d12a",
        "settlement": null,
        "trace_prefix_sha256": "f443696e657c8c238ddf2bc6675d36ed50f5704021f96ee200b90aad46d52b3a"
      },
      "known_mailbox_acceptances": 1
    },
    {
      "name": "interrupted_claims_complete_accounting",
      "parse": {
        "accepted": true
      },
      "verify": {
        "accepted": false,
        "type": "TraceInvalidError",
        "message": "a failed or incomplete prefix cannot earn successful replay"
      }
    },
    {
      "name": "interrupted_erases_primary_reason",
      "parse": {
        "accepted": true
      },
      "verify": {
        "accepted": false,
        "type": "TraceInvalidError",
        "message": "a failed or incomplete prefix cannot earn successful replay"
      }
    },
    {
      "name": "interrupted_replaces_primary_reason",
      "parse": {
        "accepted": true
      },
      "verify": {
        "accepted": false,
        "type": "TraceInvalidError",
        "message": "a failed or incomplete prefix cannot earn successful replay"
      }
    },
    {
      "name": "failed_prefix_carries_settlement",
      "parse": {
        "accepted": true
      },
      "verify": {
        "accepted": false,
        "type": "TraceInvalidError",
        "message": "a failed or incomplete prefix cannot earn successful replay"
      }
    },
    {
      "name": "illegal_first_check",
      "parse": {
        "accepted": true
      },
      "verify": {
        "accepted": false,
        "type": "TraceInvalidError",
        "message": "decision disagrees with independently replayed state/policy"
      }
    },
    {
      "name": "foreign_source",
      "parse": {
        "accepted": true
      },
      "verify": {
        "accepted": false,
        "type": "TraceInvalidError",
        "message": "trace header disagrees with independently expected bindings"
      }
    },
    {
      "name": "false_delivery_count",
      "parse": {
        "accepted": false,
        "type": "TraceInvalidError",
        "message": "terminal accepted delivery count disagrees with decision rows"
      },
      "verify": {
        "accepted": false,
        "type": "TraceInvalidError",
        "message": "terminal accepted delivery count disagrees with decision rows"
      }
    },
    {
      "name": "foreign_payout",
      "parse": {
        "accepted": true
      },
      "verify": {
        "accepted": false,
        "type": "TraceInvalidError",
        "message": "terminal settlement disagrees with independent chip-depth judgment"
      }
    },
    {
      "name": "unknown_event_key",
      "parse": {
        "accepted": false,
        "type": "TraceInvalidError",
        "message": "hand_started row has unknown keys: ['timestamp']"
      },
      "verify": {
        "accepted": false,
        "type": "TraceInvalidError",
        "message": "hand_started row has unknown keys: ['timestamp']"
      }
    },
    {
      "name": "boolean_record_index",
      "parse": {
        "accepted": false,
        "type": "TraceInvalidError",
        "message": "source commit must be a lowercase 40-character Git SHA"
      },
      "verify": {
        "accepted": false,
        "type": "TraceInvalidError",
        "message": "source commit must be a lowercase 40-character Git SHA"
      }
    },
    {
      "name": "real_tied_folded_depth_host_and_checker",
      "accepted": true,
      "payouts": [
        0,
        0,
        0,
        19,
        19,
        0
      ],
      "final_stacks": [
        20,
        19,
        18,
        24,
        24,
        15
      ],
      "pots": [
        [
          38,
          [
            3,
            4
          ]
        ]
      ],
      "checker_forbidden_producer_calls": []
    }
  ]
}
