test_absent_check_and_invalid_write_approval_do_not_derive (__main__.EvidenceManifestGenerationTests.test_absent_check_and_invalid_write_approval_do_not_derive) ... evidence manifest generation failed: historical manifest is absent or unreadable; approval and --write are still required
evidence manifest generation failed: --write requires a lowercase 64-hex --approved-seed-sha256
evidence manifest generation failed: --write requires a lowercase 64-hex --approved-seed-sha256
ok
test_approval_refusal_and_mismatch_return_before_any_manifest_write (__main__.EvidenceManifestGenerationTests.test_approval_refusal_and_mismatch_return_before_any_manifest_write) ... ok
test_approved_historical_manifest_is_the_exact_ordered_oracle (__main__.EvidenceManifestGenerationTests.test_approved_historical_manifest_is_the_exact_ordered_oracle) ... ok
test_bound_manifest_transaction_defeats_post_validation_directory_swap (__main__.EvidenceManifestGenerationTests.test_bound_manifest_transaction_defeats_post_validation_directory_swap) ... ok
test_check_is_read_only_when_approval_manifests_are_absent (__main__.EvidenceManifestGenerationTests.test_check_is_read_only_when_approval_manifests_are_absent) ... ok
test_current_file_identities_and_absences_are_exact_and_disjoint (__main__.EvidenceManifestGenerationTests.test_current_file_identities_and_absences_are_exact_and_disjoint) ... ok
test_dynamic_dash_c_allows_fixed_enclosing_path_constants (__main__.EvidenceManifestGenerationTests.test_dynamic_dash_c_allows_fixed_enclosing_path_constants) ... ok
test_dynamic_dash_c_allows_repeated_symbolic_context_targets (__main__.EvidenceManifestGenerationTests.test_dynamic_dash_c_allows_repeated_symbolic_context_targets) ... ok
test_dynamic_dash_c_builtin_import_binds_fromlist_and_keywords (__main__.EvidenceManifestGenerationTests.test_dynamic_dash_c_builtin_import_binds_fromlist_and_keywords) ... ok
test_dynamic_dash_c_builtin_import_rejects_bad_binding_and_symbolic_context (__main__.EvidenceManifestGenerationTests.test_dynamic_dash_c_builtin_import_rejects_bad_binding_and_symbolic_context) ... ok
test_dynamic_dash_c_import_module_binds_name_and_package (__main__.EvidenceManifestGenerationTests.test_dynamic_dash_c_import_module_binds_name_and_package) ... ok
test_dynamic_dash_c_import_module_rejects_bad_binding_and_symbolic_resolution (__main__.EvidenceManifestGenerationTests.test_dynamic_dash_c_import_module_rejects_bad_binding_and_symbolic_resolution) ... ok
test_dynamic_dash_c_programs_are_exact_and_fail_closed (__main__.EvidenceManifestGenerationTests.test_dynamic_dash_c_programs_are_exact_and_fail_closed) ... ok
test_dynamic_dash_c_rejects_ambiguous_dynamic_reassigned_and_branch_values (__main__.EvidenceManifestGenerationTests.test_dynamic_dash_c_rejects_ambiguous_dynamic_reassigned_and_branch_values) ... ok
test_dynamic_dash_c_rejects_symbolic_import_targets (__main__.EvidenceManifestGenerationTests.test_dynamic_dash_c_rejects_symbolic_import_targets) ... ok
test_dynamic_dash_c_resolution_is_lexical_and_accepts_named_argv (__main__.EvidenceManifestGenerationTests.test_dynamic_dash_c_resolution_is_lexical_and_accepts_named_argv) ... ok
test_dynamic_dash_c_resolves_exact_builtin_import_target (__main__.EvidenceManifestGenerationTests.test_dynamic_dash_c_resolves_exact_builtin_import_target) ... ok
test_dynamic_dash_c_resolves_fixed_fstrings_and_concatenation (__main__.EvidenceManifestGenerationTests.test_dynamic_dash_c_resolves_fixed_fstrings_and_concatenation) ... ok
test_dynamic_dash_c_symbolic_nonimport_context_cannot_collide_with_marker (__main__.EvidenceManifestGenerationTests.test_dynamic_dash_c_symbolic_nonimport_context_cannot_collide_with_marker) ... ok
test_emit_seed_review_validates_output_before_derivation (__main__.EvidenceManifestGenerationTests.test_emit_seed_review_validates_output_before_derivation) ... evidence manifest generation failed: seed review output path must be absolute
evidence manifest generation failed: seed review output must be below the operating-system temporary directory
ok
test_git_cache_revalidates_executable_and_bounded_runner_failures (__main__.EvidenceManifestGenerationTests.test_git_cache_revalidates_executable_and_bounded_runner_failures) ... ok
test_git_environment_is_fresh_literal_and_replacement_disabled (__main__.EvidenceManifestGenerationTests.test_git_environment_is_fresh_literal_and_replacement_disabled) ... ok
test_historical_entry_digest_is_order_independent_and_covers_every_field (__main__.EvidenceManifestGenerationTests.test_historical_entry_digest_is_order_independent_and_covers_every_field) ... ok
test_historical_identity_collisions_fail_closed (__main__.EvidenceManifestGenerationTests.test_historical_identity_collisions_fail_closed) ... ok
test_historical_snapshots_source_seal_group_and_authorization_surface_are_exact (__main__.EvidenceManifestGenerationTests.test_historical_snapshots_source_seal_group_and_authorization_surface_are_exact) ... ok
test_import_forms_resolve_package_submodules_and_relative_submodules (__main__.EvidenceManifestGenerationTests.test_import_forms_resolve_package_submodules_and_relative_submodules) ... ok
test_main_write_bootstraps_missing_directory_while_check_remains_read_only (__main__.EvidenceManifestGenerationTests.test_main_write_bootstraps_missing_directory_while_check_remains_read_only) ... evidence manifest generation failed: historical manifest is absent or unreadable; approval and --write are still required
ok
test_manifest_and_seed_review_destinations_reject_nonregular_targets (__main__.EvidenceManifestGenerationTests.test_manifest_and_seed_review_destinations_reject_nonregular_targets) ... ok
test_manifest_directory_identity_race_rejects_before_any_temp_file (__main__.EvidenceManifestGenerationTests.test_manifest_directory_identity_race_rejects_before_any_temp_file) ... ok
test_manifest_directory_rejects_non_directory_link_and_reparse_targets (__main__.EvidenceManifestGenerationTests.test_manifest_directory_rejects_non_directory_link_and_reparse_targets) ... ok
test_phase_boundary_seeds_selected_class_named_modules_without_transitive_walk (__main__.EvidenceManifestGenerationTests.test_phase_boundary_seeds_selected_class_named_modules_without_transitive_walk) ... ok
test_retained_v7_constants_lock_the_negative_incomplete_result (__main__.EvidenceManifestGenerationTests.test_retained_v7_constants_lock_the_negative_incomplete_result) ... ok
test_secure_reader_factory_rejects_link_components_and_reads_once (__main__.EvidenceManifestGenerationTests.test_secure_reader_factory_rejects_link_components_and_reads_once) ... ok
test_secure_reader_rejects_oversize_symlink_and_final_identity_change (__main__.EvidenceManifestGenerationTests.test_secure_reader_rejects_oversize_symlink_and_final_identity_change) ... ok
test_seed_review_is_complete_deterministic_and_binds_the_normalized_digest (__main__.EvidenceManifestGenerationTests.test_seed_review_is_complete_deterministic_and_binds_the_normalized_digest) ... ok
test_selected_class_scope_excludes_other_classes_and_broad_literals (__main__.EvidenceManifestGenerationTests.test_selected_class_scope_excludes_other_classes_and_broad_literals) ... ok
test_staging_fsync_failure_leaves_no_temp_or_destination_change (__main__.EvidenceManifestGenerationTests.test_staging_fsync_failure_leaves_no_temp_or_destination_change) ... ok
test_staging_write_failure_leaves_no_temp_or_destination_change (__main__.EvidenceManifestGenerationTests.test_staging_write_failure_leaves_no_temp_or_destination_change) ... ok
test_transaction_exit_preserves_body_and_every_cleanup_failure (__main__.EvidenceManifestGenerationTests.test_transaction_exit_preserves_body_and_every_cleanup_failure) ... ok
test_windows_cleanup_continues_after_disposition_failure (__main__.EvidenceManifestGenerationTests.test_windows_cleanup_continues_after_disposition_failure) ... ok
test_windows_cleanup_does_not_rearm_deletion_after_close_failure (__main__.EvidenceManifestGenerationTests.test_windows_cleanup_does_not_rearm_deletion_after_close_failure) ... ok
test_windows_cleanup_is_bound_after_its_last_path_reverification (__main__.EvidenceManifestGenerationTests.test_windows_cleanup_is_bound_after_its_last_path_reverification) ... ok
test_windows_cleanup_never_closes_an_unarmed_candidate (__main__.EvidenceManifestGenerationTests.test_windows_cleanup_never_closes_an_unarmed_candidate) ... ok
test_windows_create_fault_matrix_varies_one_result_at_a_time (__main__.EvidenceManifestGenerationTests.test_windows_create_fault_matrix_varies_one_result_at_a_time) ... ok
test_windows_directory_api_fault_matrix_is_typed_one_variable_at_a_time (__main__.EvidenceManifestGenerationTests.test_windows_directory_api_fault_matrix_is_typed_one_variable_at_a_time) ... ok
test_windows_directory_cleanup_attempts_every_held_handle (__main__.EvidenceManifestGenerationTests.test_windows_directory_cleanup_attempts_every_held_handle) ... ok
test_windows_directory_native_calls_and_close_failures_are_typed (__main__.EvidenceManifestGenerationTests.test_windows_directory_native_calls_and_close_failures_are_typed) ... ok
test_windows_file_api_fault_matrix_is_typed_one_variable_at_a_time (__main__.EvidenceManifestGenerationTests.test_windows_file_api_fault_matrix_is_typed_one_variable_at_a_time) ... ok
test_windows_flush_and_file_close_faults_are_typed (__main__.EvidenceManifestGenerationTests.test_windows_flush_and_file_close_faults_are_typed) ... ok
test_windows_malformed_create_is_registered_before_validation_cleanup (__main__.EvidenceManifestGenerationTests.test_windows_malformed_create_is_registered_before_validation_cleanup) ... ok
test_windows_native_create_rejects_malformed_status_and_api_errors (__main__.EvidenceManifestGenerationTests.test_windows_native_create_rejects_malformed_status_and_api_errors) ... ok
test_windows_native_file_api_unavailability_fails_closed (__main__.EvidenceManifestGenerationTests.test_windows_native_file_api_unavailability_fails_closed) ... ok
test_windows_native_rename_disposition_and_close_errors_are_typed (__main__.EvidenceManifestGenerationTests.test_windows_native_rename_disposition_and_close_errors_are_typed) ... ok
test_windows_open_directory_is_owned_before_identity_validation (__main__.EvidenceManifestGenerationTests.test_windows_open_directory_is_owned_before_identity_validation) ... ok
test_windows_rename_and_disposition_status_channels_are_independent (__main__.EvidenceManifestGenerationTests.test_windows_rename_and_disposition_status_channels_are_independent) ... ok
test_windows_renamed_candidate_remains_owned_until_close_succeeds (__main__.EvidenceManifestGenerationTests.test_windows_renamed_candidate_remains_owned_until_close_succeeds) ... ok
test_windows_replace_is_bound_after_its_last_path_reverification (__main__.EvidenceManifestGenerationTests.test_windows_replace_is_bound_after_its_last_path_reverification) ... ok
test_windows_stage_is_bound_after_its_last_path_reverification (__main__.EvidenceManifestGenerationTests.test_windows_stage_is_bound_after_its_last_path_reverification) ... ok
test_windows_staged_temp_rejects_a_second_writer_while_owned (__main__.EvidenceManifestGenerationTests.test_windows_staged_temp_rejects_a_second_writer_while_owned) ... ok
test_windows_write_fault_matrix_and_partial_progress (__main__.EvidenceManifestGenerationTests.test_windows_write_fault_matrix_and_partial_progress) ... ok
test_write_securely_bootstraps_only_the_four_manifest_destinations (__main__.EvidenceManifestGenerationTests.test_write_securely_bootstraps_only_the_four_manifest_destinations) ... ok

----------------------------------------------------------------------
Ran 61 tests in 33.823s

OK
